cdk/drag-drop/all-directives: 152814
cdk/drag-drop/basic: 150317
material-experimental/mdc-chips/basic: 228254
material-experimental/mdc-form-field/advanced: 262417
material-experimental/mdc-form-field/basic: 260847
material/autocomplete/without-optgroup: 271138
material/button-toggle/standalone: 187578
material/chips/basic: 224228
material/datepicker/range-picker/without-form-field: 386200
material/expansion/without-accordion: 197556
material/form-field/advanced: 242228
material/form-field/basic: 240617
material/list/nav-list: 192684
material/menu/without-lazy-content: 275559
material/radio/without-group: 191026
material/select/basic: 316576
material/tabs/advanced: 256949
material/tabs/basic: 255613
